// Jest Snapshot v1, https://goo.gl/fbAQLP

exports[`"additionalData" option should work additionalData data as function: css 1`] = `
"/* RelativePath: additional-data.styl; */
body {
  color: #ff7f50;
}
.custom-class {
  background: #808080;
}
"
`;

exports[`"additionalData" option should work additionalData data as function: errors 1`] = `Array []`;

exports[`"additionalData" option should work additionalData data as function: warnings 1`] = `Array []`;

exports[`"additionalData" option should work additionalData data as string: css 1`] = `
"body {
  color: #ff7f50;
}
"
`;

exports[`"additionalData" option should work additionalData data as string: errors 1`] = `Array []`;

exports[`"additionalData" option should work additionalData data as string: warnings 1`] = `Array []`;
