// Jest Snapshot v1, https://goo.gl/fbAQLP

exports[`loader should emit error when import self: errors 1`] = `
Array [
  "ModuleError: Module Error (from \`replaced original path\`):
Stylus resolver error:",
]
`;

exports[`loader should emit error when import self: warnings 1`] = `Array []`;
